Component: ARM Compiler 5.05 update 2 (build 169) Tool: armlink [4d0f33]

==============================================================================

Section Cross References

    startup_stm32f10x_hd.o(RESET) refers to startup_stm32f10x_hd.o(STACK) for __initial_sp
    startup_stm32f10x_hd.o(RESET) refers to startup_stm32f10x_hd.o(.text) for Reset_Handler
    startup_stm32f10x_hd.o(RESET) refers to los_hwi.o(.text) for PendSV_Handler
    startup_stm32f10x_hd.o(RESET) refers to stm32f10x_it.o(.text) for RTC_IRQHandler
    startup_stm32f10x_hd.o(RESET) refers to bsp_usart2.o(.text) for USART2_IRQHandler
    startup_stm32f10x_hd.o(RESET) refers to usart3.o(.text) for USART3_IRQHandler
    startup_stm32f10x_hd.o(.text) refers to system_stm32f10x.o(.text) for SystemInit
    startup_stm32f10x_hd.o(.text) refers to entry.o(.ARM.Collect$$$$00000000) for __main
    system_stm32f10x.o(.text) refers to system_stm32f10x.o(.data) for .data
    stm32f10x_adc.o(.text) refers to stm32f10x_rcc.o(.text) for RCC_APB2PeriphResetCmd
    stm32f10x_bkp.o(.text) refers to stm32f10x_rcc.o(.text) for RCC_BackupResetCmd
    stm32f10x_can.o(.text) refers to stm32f10x_rcc.o(.text) for RCC_APB1PeriphResetCmd
    stm32f10x_cec.o(.text) refers to stm32f10x_rcc.o(.text) for RCC_APB1PeriphResetCmd
    stm32f10x_dac.o(.text) refers to stm32f10x_rcc.o(.text) for RCC_APB1PeriphResetCmd
    stm32f10x_gpio.o(.text) refers to stm32f10x_rcc.o(.text) for RCC_APB2PeriphResetCmd
    stm32f10x_i2c.o(.text) refers to stm32f10x_rcc.o(.text) for RCC_APB1PeriphResetCmd
    stm32f10x_pwr.o(.text) refers to stm32f10x_rcc.o(.text) for RCC_APB1PeriphResetCmd
    stm32f10x_rcc.o(.text) refers to stm32f10x_rcc.o(.data) for .data
    stm32f10x_spi.o(.text) refers to stm32f10x_rcc.o(.text) for RCC_APB2PeriphResetCmd
    stm32f10x_tim.o(.text) refers to stm32f10x_rcc.o(.text) for RCC_APB2PeriphResetCmd
    stm32f10x_usart.o(.text) refers to stm32f10x_rcc.o(.text) for RCC_APB2PeriphResetCmd
    stm32f10x_wwdg.o(.text) refers to stm32f10x_rcc.o(.text) for RCC_APB1PeriphResetCmd
    main.o(.text) refers to printfa.o(i.__0printf) for __2printf
    main.o(.text) refers to bsp_ds18b20.o(.text) for DS18B20_Init
    main.o(.text) refers to los_task.o(.text) for LOS_TaskDelay
    main.o(.text) refers to f2d.o(.text) for __aeabi_f2d
    main.o(.text) refers to fmul.o(.text) for __aeabi_fmul
    main.o(.text) refers to fadd.o(.text) for __aeabi_fsub
    main.o(.text) refers to ffixi.o(.text) for __aeabi_f2iz
    main.o(.text) refers to los_sem.o(.text) for LOS_SemPend
    main.o(.text) refers to stmflash.o(.text) for STMFLASH_Read
    main.o(.text) refers to ch9329.o(.text) for implement
    main.o(.text) refers to socket.o(.text) for MQTT_Execute_Action
    main.o(.text) refers to stm32f10x_gpio.o(.text) for GPIO_ResetBits
    main.o(.text) refers to los_swtmr.o(.text) for LOS_SwtmrCreate
    main.o(.text) refers to bsp_usart.o(.text) for USART1_DMA_Receive_Process
    main.o(.text) refers to memseta.o(.text) for __aeabi_memclr
    main.o(.text) refers to wifi.o(.text) for WiFi_Init
    main.o(.text) refers to bsp_usart2.o(.text) for u2_TxData
    main.o(.text) refers to main.o(.data) for .data
    main.o(.text) refers to main.o(.bss) for .bss
    main.o(.text) refers to bsp_usart2.o(.data) for Usart2_RxCounter
    main.o(.text) refers to bsp_usart2.o(.bss) for Usart2_Rx_Buf
    main.o(.text) refers to socket.o(.data) for MQTT_TxDataOutPtr
    main.o(.text) refers to socket.o(.data) for Connect_flag
    main.o(.text) refers to socket.o(.bss) for MQTT_TxDataBuf
    main.o(.text) refers to des_c.o(.text) for CBC_encrypt
    main.o(.text) refers to bsp_rtc.o(.text) for zhuanhuan_tall
    main.o(.text) refers to stm32f10x_bkp.o(.text) for BKP_WriteBackupRegister
    main.o(.text) refers to bsp_iwdg.o(.text) for IWDG_Feed
    main.o(.text) refers to stm32f10x_rtc.o(.text) for RTC_GetCounter
    main.o(.text) refers to los_queue.o(.text) for LOS_QueueCreate
    main.o(.text) refers to misc.o(.text) for NVIC_PriorityGroupConfig
    main.o(.text) refers to bsp_led.o(.text) for LED_GPIO_Config
    main.o(.text) refers to stm32f10x_rcc.o(.text) for RCC_APB2PeriphClockCmd
    main.o(.text) refers to usart3.o(.text) for USART3_Init
    main.o(.text) refers to los_init.o(.text) for LOS_KernelInit
    main.o(.data) refers to main.o(.conststring) for .conststring
    main.o(.data) refers to main.o(.conststring) for .conststring
    main.o(.data) refers to main.o(.bss) for array
    stm32f10x_it.o(.text) refers to los_dispatch_keil.o(.text) for LOS_IntLock
    stm32f10x_it.o(.text) refers to stm32f10x_exti.o(.text) for EXTI_GetITStatus
    stm32f10x_it.o(.text) refers to los_queue.o(.text) for LOS_QueueWrite
    stm32f10x_it.o(.text) refers to stm32f10x_usart.o(.text) for USART_GetITStatus
    stm32f10x_it.o(.text) refers to bsp_usart.o(.text) for Uart_DMA_Rx_Data
[...]
    GPIO_ETH_MediaInterfaceConfig            0x08000e15   Thumb Code     8  stm32f10x_gpio.o(.text)
    IWDG_WriteAccessCmd                      0x08000e41   Thumb Code     6  stm32f10x_iwdg.o(.text)
    IWDG_SetPrescaler                        0x08000e47   Thumb Code     6  stm32f10x_iwdg.o(.text)
    IWDG_SetReload                           0x08000e4d   Thumb Code     6  stm32f10x_iwdg.o(.text)
    IWDG_ReloadCounter                       0x08000e53   Thumb Code    10  stm32f10x_iwdg.o(.text)
    IWDG_Enable                              0x08000e5d   Thumb Code    10  stm32f10x_iwdg.o(.text)
    IWDG_GetFlagStatus                       0x08000e67   Thumb Code    16  stm32f10x_iwdg.o(.text)
    PWR_DeInit                               0x08000e7d   Thumb Code    24  stm32f10x_pwr.o(.text)
    PWR_BackupAccessCmd                      0x08000e95   Thumb Code     6  stm32f10x_pwr.o(.text)
    PWR_PVDCmd                               0x08000e9b   Thumb Code     6  stm32f10x_pwr.o(.text)
    PWR_PVDLevelConfig                       0x08000ea1   Thumb Code    14  stm32f10x_pwr.o(.text)
    PWR_WakeUpPinCmd                         0x08000eaf   Thumb Code     8  stm32f10x_pwr.o(.text)
    PWR_EnterSTOPMode                        0x08000eb7   Thumb Code    42  stm32f10x_pwr.o(.text)
    PWR_EnterSTANDBYMode                     0x08000ee1   Thumb Code    32  stm32f10x_pwr.o(.text)
    PWR_GetFlagStatus                        0x08000f01   Thumb Code    16  stm32f10x_pwr.o(.text)
    PWR_ClearFlag                            0x08000f11   Thumb Code    12  stm32f10x_pwr.o(.text)
    RCC_DeInit                               0x08000f29   Thumb Code    50  stm32f10x_rcc.o(.text)
    RCC_HSEConfig                            0x08000f5b   Thumb Code    50  stm32f10x_rcc.o(.text)
    RCC_GetFlagStatus                        0x08000f8d   Thumb Code    42  stm32f10x_rcc.o(.text)
    RCC_WaitForHSEStartUp                    0x08000fb7   Thumb Code    48  stm32f10x_rcc.o(.text)
    RCC_AdjustHSICalibrationValue            0x08000fe7   Thumb Code    16  stm32f10x_rcc.o(.text)
    RCC_HSICmd                               0x08000ff7   Thumb Code     6  stm32f10x_rcc.o(.text)
    RCC_PLLConfig                            0x08000ffd   Thumb Code    16  stm32f10x_rcc.o(.text)
    RCC_PLLCmd                               0x0800100d   Thumb Code     6  stm32f10x_rcc.o(.text)
    RCC_SYSCLKConfig                         0x08001013   Thumb Code    14  stm32f10x_rcc.o(.text)
    RCC_GetSYSCLKSource                      0x08001021   Thumb Code    10  stm32f10x_rcc.o(.text)
    RCC_HCLKConfig                           0x0800102b   Thumb Code    14  stm32f10x_rcc.o(.text)
    RCC_PCLK1Config                          0x08001039   Thumb Code    14  stm32f10x_rcc.o(.text)
    RCC_PCLK2Config                          0x08001047   Thumb Code    16  stm32f10x_rcc.o(.text)
    RCC_ITConfig                             0x08001057   Thumb Code    22  stm32f10x_rcc.o(.text)
    RCC_USBCLKConfig                         0x0800106d   Thumb Code     8  stm32f10x_rcc.o(.text)
    RCC_ADCCLKConfig                         0x08001075   Thumb Code    14  stm32f10x_rcc.o(.text)
    RCC_LSEConfig                            0x08001083   Thumb Code    36  stm32f10x_rcc.o(.text)
    RCC_LSICmd                               0x080010a7   Thumb Code     6  stm32f10x_rcc.o(.text)
    RCC_RTCCLKConfig                         0x080010ad   Thumb Code    10  stm32f10x_rcc.o(.text)
    RCC_RTCCLKCmd                            0x080010b7   Thumb Code     8  stm32f10x_rcc.o(.text)
    RCC_GetClocksFreq                        0x080010bf   Thumb Code   154  stm32f10x_rcc.o(.text)
    RCC_AHBPeriphClockCmd                    0x08001159   Thumb Code    22  stm32f10x_rcc.o(.text)
    RCC_APB2PeriphClockCmd                   0x0800116f   Thumb Code    22  stm32f10x_rcc.o(.text)
    RCC_APB1PeriphClockCmd                   0x08001185   Thumb Code    22  stm32f10x_rcc.o(.text)
    RCC_APB2PeriphResetCmd                   0x0800119b   Thumb Code    22  stm32f10x_rcc.o(.text)
    RCC_APB1PeriphResetCmd                   0x080011b1   Thumb Code    22  stm32f10x_rcc.o(.text)
    RCC_BackupResetCmd                       0x080011c7   Thumb Code     8  stm32f10x_rcc.o(.text)
    RCC_ClockSecuritySystemCmd               0x080011cf   Thumb Code     6  stm32f10x_rcc.o(.text)
    RCC_MCOConfig                            0x080011d5   Thumb Code     6  stm32f10x_rcc.o(.text)
    RCC_ClearFlag                            0x080011db   Thumb Code    12  stm32f10x_rcc.o(.text)
    RCC_GetITStatus                          0x080011e7   Thumb Code    16  stm32f10x_rcc.o(.text)
    RCC_ClearITPendingBit                    0x080011f7   Thumb Code     6  stm32f10x_rcc.o(.text)
    RTC_ITConfig                             0x0800121d   Thumb Code    22  stm32f10x_rtc.o(.text)
    RTC_EnterConfigMode                      0x08001233   Thumb Code    14  stm32f10x_rtc.o(.text)
    RTC_ExitConfigMode                       0x08001241   Thumb Code    14  stm32f10x_rtc.o(.text)
    RTC_GetCounter                           0x0800124f   Thumb Code    18  stm32f10x_rtc.o(.text)
    RTC_SetCounter                           0x08001261   Thumb Code    26  stm32f10x_rtc.o(.text)
    RTC_SetPrescaler                         0x0800127b   Thumb Code    28  stm32f10x_rtc.o(.text)
    RTC_SetAlarm                             0x08001297   Thumb Code    26  stm32f10x_rtc.o(.text)
    RTC_GetDivider                           0x080012b1   Thumb Code    20  stm32f10x_rtc.o(.text)
    RTC_WaitForLastTask                      0x080012c5   Thumb Code    12  stm32f10x_rtc.o(.text)
    RTC_WaitForSynchro                       0x080012d1   Thumb Code    20  stm32f10x_rtc.o(.text)
    RTC_GetFlagStatus                        0x080012e5   Thumb Code    18  stm32f10x_rtc.o(.text)
    RTC_ClearFlag                            0x080012f7   Thumb Code    12  stm32f10x_rtc.o(.text)
    RTC_GetITStatus                          0x08001303   Thumb Code    28  stm32f10x_rtc.o(.text)
    RTC_ClearITPendingBit                    0x0800131f   Thumb Code    12  stm32f10x_rtc.o(.text)
    USART_DeInit                             0x08001331   Thumb Code   144  stm32f10x_usart.o(.text)
    USART_Init                               0x080013c1   Thumb Code   182  stm32f10x_usart.o(.text)
    USART_StructInit                         0x08001477   Thumb Code    22  stm32f10x_usart.o(.text)
    USART_ClockInit                          0x0800148d   Thumb Code    30  stm32f10x_usart.o(.text)
    USART_ClockStructInit                    0x080014ab   Thumb Code    12  stm32f10x_usart.o(.text)
    USART_Cmd                                0x080014b7   Thumb Code    24  stm32f10x_usart.o(.text)
    USART_ITConfig                           0x080014cf   Thumb Code    54  stm32f10x_usart.o(.text)
    USART_DMACmd                             0x08001505   Thumb Code    20  stm32f10x_usart.o(.text)
    USART_SetAddress                         0x08001519   Thumb Code    16  stm32f10x_usart.o(.text)
    USART_WakeUpConfig                       0x08001529   Thumb Code    16  stm32f10x_usart.o(.text)
    USART_ReceiverWakeUpCmd                  0x08001539   Thumb Code    24  stm32f10x_usart.o(.text)
    USART_LINBreakDetectLengthConfig         0x08001551   Thumb Code    16  stm32f10x_usart.o(.text)
    USART_LINCmd                             0x08001561   Thumb Code    24  stm32f10x_usart.o(.text)
    USART_SendData                           0x08001579   Thumb Code     8  stm32f10x_usart.o(.text)
    USART_ReceiveData                        0x08001581   Thumb Code     8  stm32f10x_usart.o(.text)
    USART_SendBreak                          0x08001589   Thumb Code    10  stm32f10x_usart.o(.text)
    USART_SetGuardTime                       0x08001593   Thumb Code    16  stm32f10x_usart.o(.text)
    USART_SetPrescaler                       0x080015a3   Thumb Code    16  stm32f10x_usart.o(.text)
    USART_SmartCardCmd                       0x080015b3   Thumb Code    24  stm32f10x_usart.o(.text)
    USART_SmartCardNACKCmd                   0x080015cb   Thumb Code    24  stm32f10x_usart.o(.text)
    USART_HalfDuplexCmd                      0x080015e3   Thumb Code    24  stm32f10x_usart.o(.text)
    USART_OverSampling8Cmd                   0x080015fb   Thumb Code    24  stm32f10x_usart.o(.text)
    USART_OneBitMethodCmd                    0x08001613   Thumb Code    24  stm32f10x_usart.o(.text)
    USART_IrDAConfig                         0x0800162b   Thumb Code    16  stm32f10x_usart.o(.text)
    USART_IrDACmd                            0x0800163b   Thumb Code    24  stm32f10x_usart.o(.text)
    USART_GetFlagStatus                      0x08001653   Thumb Code    14  stm32f10x_usart.o(.text)
    USART_ClearFlag                          0x08001661   Thumb Code     8  stm32f10x_usart.o(.text)
    USART_GetITStatus                        0x08001669   Thumb Code    64  stm32f10x_usart.o(.text)
    USART_ClearITPendingBit                  0x080016a9   Thumb Code    16  stm32f10x_usart.o(.text)
    Delay_                                   0x080022c7   Thumb Code    24  main.o(.text)
    main                                     0x08002375   Thumb Code    60  main.o(.text)
    EXTI4_IRQHandler                         0x080025d5   Thumb Code    46  stm32f10x_it.o(.text)
    EXTI3_IRQHandler                         0x08002603   Thumb Code    48  stm32f10x_it.o(.text)
    USART1_IRQHandler                        0x08002633   Thumb Code    42  stm32f10x_it.o(.text)
    RTC_IRQHandler                           0x0800265d   Thumb Code    36  stm32f10x_it.o(.text)
    LED_GPIO_Config                          0x0800268d   Thumb Code    48  bsp_led.o(.text)
    open_io                                  0x080026bd   Thumb Code    48  bsp_led.o(.text)
    USART_Config                             0x08002713   Thumb Code   148  bsp_usart.o(.text)
    USARTx_DMA_Config                        0x080027a7   Thumb Code    94  bsp_usart.o(.text)
    Uart_DMA_Rx_Data                         0x08002805   Thumb Code    78  bsp_usart.o(.text)
    uart0_parse                              0x08002853   Thumb Code   132  bsp_usart.o(.text)
    uart0_get_command                        0x080028d7   Thumb Code    94  bsp_usart.o(.text)
    USART1_DMA_Receive_Process               0x08002935   Thumb Code    28  bsp_usart.o(.text)
    Usart_SendByte                           0x08002951   Thumb Code    24  bsp_usart.o(.text)
    Usart_SendArray                          0x08002969   Thumb Code    46  bsp_usart.o(.text)
    Usart_SendString                         0x08002997   Thumb Code    38  bsp_usart.o(.text)
    Usart_SendHalfWord                       0x080029bd   Thumb Code    50  bsp_usart.o(.text)
    fputc                                    0x080029ef   Thumb Code    30  bsp_usart.o(.text)
    fgetc                                    0x08002a0d   Thumb Code    26  bsp_usart.o(.text)
    u1_printf                                0x08002a27   Thumb Code    70  bsp_usart.o(.text)
    WiFi_ResetIO_Init                        0x08002aa1   Thumb Code    50  wifi.o(.text)
    WiFi_SendCmd                             0x08002ad3   Thumb Code    94  wifi.o(.text)
    WiFi_Reset                               0x08002b31   Thumb Code    90  wifi.o(.text)
    WiFi_AT                                  0x08002b8b   Thumb Code    78  wifi.o(.text)
    WiFi_Smartconfig                         0x08002bd9   Thumb Code    58  wifi.o(.text)
    WiFi_WaitAP                              0x08002c13   Thumb Code    64  wifi.o(.text)
    WiFi_GetIP                               0x08002c53   Thumb Code   148  wifi.o(.text)
    WiFi_Get_LinkSta                         0x08002ce7   Thumb Code   114  wifi.o(.text)
    WiFi_Get_Data                            0x08002d59   Thumb Code    86  wifi.o(.text)
    WiFi_SendData                            0x08002daf   Thumb Code   180  wifi.o(.text)
    Char_to_Hex                              0x08002e63   Thumb Code   410  wifi.o(.text)
    ESP8266_Link_Server                      0x08002ffd   Thumb Code   100  wifi.o(.text)
    ESP8266_SendString                       0x08003061   Thumb Code    80  wifi.o(.text)
    WiFi_Connect_UDP                         0x080030b1   Thumb Code   230  wifi.o(.text)
    WiFi_JoinAP                              0x08003197   Thumb Code   156  wifi.o(.text)
    WiFi_Init                                0x08003233   Thumb Code   414  wifi.o(.text)
    WiFi_Init_time                           0x080033d1   Thumb Code  1138  wifi.o(.text)
    WiFi_Close                               0x08003843   Thumb Code   104  wifi.o(.text)
    rst                                      0x080038ab   Thumb Code    92  wifi.o(.text)
    analysis_json_we                         0x08003907   Thumb Code   248  wifi.o(.text)
    Get_time                                 0x080039ff   Thumb Code   100  wifi.o(.text)
    switch_WIfi                              0x08003a63   Thumb Code    42  wifi.o(.text)
    Delay_Ms                                 0x08003a8d   Thumb Code    22  wifi.o(.text)
    WiFi_Connect_Server                      0x08003aa3   Thumb Code   496  wifi.o(.text)
    USART2_Init                              0x08003cbb   Thumb Code   352  bsp_usart2.o(.text)
    USART2_Config                            0x08003e1b   Thumb Code   198  bsp_usart2.o(.text)
    USART2_DMA_Config                        0x08003ee1   Thumb Code    92  bsp_usart2.o(.text)
    Uart2_DMA_Rx_Data                        0x08003f3d   Thumb Code   196  bsp_usart2.o(.text)
    USART2_IRQHandler                        0x08004001   Thumb Code    44  bsp_usart2.o(.text)
    Usart2_SendByte                          0x0800402d   Thumb Code    24  bsp_usart2.o(.text)
    Usart2_SendArray                         0x08004045   Thumb Code    46  bsp_usart2.o(.text)
    Usart2_SendString                        0x08004073   Thumb Code    38  bsp_usart2.o(.text)
    uart2_send_char                          0x08004099   Thumb Code    28  bsp_usart2.o(.text)
    uart2_send_buff                          0x080040b5   Thumb Code    76  bsp_usart2.o(.text)
    Usart2_SendHalfWord                      0x08004101   Thumb Code    50  bsp_usart2.o(.text)
    NBiot_SendCmd                            0x08004133   Thumb Code   126  bsp_usart2.o(.text)
    NBiot_Init                               0x080041b1   Thumb Code    90  bsp_usart2.o(.text)
    Get_IP                                   0x0800420b   Thumb Code    46  bsp_usart2.o(.text)
    u2_printf                                0x08004239   Thumb Code    64  bsp_usart2.o(.text)
    u2_TxData                                0x08004279   Thumb Code    46  bsp_usart2.o(.text)
    u2_RxData                                0x080042a7   Thumb Code    40  bsp_usart2.o(.text)
    delete_char                              0x080042cf   Thumb Code    44  bsp_usart2.o(.text)
    mymemcpy                                 0x080043c9   Thumb Code    18  malloc.o(.text)
    mymemset                                 0x080043db   Thumb Code    14  malloc.o(.text)
    mem_init                                 0x080043e9   Thumb Code    32  malloc.o(.text)
    mem_perused                              0x08004409   Thumb Code    32  malloc.o(.text)
    mem_malloc                               0x08004429   Thumb Code    90  malloc.o(.text)
    mem_free                                 0x08004483   Thumb Code    60  malloc.o(.text)
    myfree                                   0x080044bf   Thumb Code    14  malloc.o(.text)
    mymalloc                                 0x080044cd   Thumb Code    22  malloc.o(.text)
    myrealloc                                0x080044e3   Thumb Code    52  malloc.o(.text)
    GregorianDay                             0x0800451d   Thumb Code   120  bsp_date.o(.text)
    mktimev                                  0x08004595   Thumb Code   114  bsp_date.o(.text)
    to_tm                                    0x08004607   Thumb Code   150  bsp_date.o(.text)
    RTC_NVIC_Config                          0x080046ad   Thumb Code    34  bsp_rtc.o(.text)
    RTC_Configuration                        0x080046cf   Thumb Code    88  bsp_rtc.o(.text)
    Time_Adjust                              0x08004727   Thumb Code    40  bsp_rtc.o(.text)
    RTC_CheckAndConfig                       0x0800474f   Thumb Code   140  bsp_rtc.o(.text)
    Time_Regulate_Get                        0x080047db   Thumb Code   326  bsp_rtc.o(.text)
    Time_Display                             0x08004921   Thumb Code    30  bsp_rtc.o(.text)
    Time_Show                                0x0800493f   Thumb Code    28  bsp_rtc.o(.text)
    Time_Display2                            0x0800495b   Thumb Code    30  bsp_rtc.o(.text)
    Time_Display3                            0x08004979   Thumb Code    36  bsp_rtc.o(.text)
    getIndexOfSigns                          0x0800499d   Thumb Code    42  bsp_rtc.o(.text)
    hexToDec                                 0x080049c7   Thumb Code    42  bsp_rtc.o(.text)
    zhuanhuan_tall                           0x080049f1   Thumb Code   746  bsp_rtc.o(.text)
    zhuanhuan_low                            0x08004cdb   Thumb Code   136  bsp_rtc.o(.text)
    chartohex_tall                           0x08004d63   Thumb Code   130  bsp_rtc.o(.text)
    chartohex_low                            0x08004de5   Thumb Code   130  bsp_rtc.o(.text)
    STMFLASH_ReadHalfWord                    0x08004e69   Thumb Code     4  stmflash.o(.text)
    STMFLASH_Write_NoCheck                   0x08004e6d   Thumb Code    38  stmflash.o(.text)
    STMFLASH_Read                            0x08004e93   Thumb Code    30  stmflash.o(.text)
    STMFLASH_Write                           0x08004eb1   Thumb Code   190  stmflash.o(.text)
    Test_Write                               0x08004f6f   Thumb Code    12  stmflash.o(.text)
    Driver_UpDataFlagToFlash_ok              0x08004f7b   Thumb Code    34  stmflash.o(.text)
    Driver_resolution_data                   0x08004f9d   Thumb Code    34  stmflash.o(.text)
    Driver_call_off                          0x08004fbf   Thumb Code    34  stmflash.o(.text)
    IWDG_Config                              0x08004ff1   Thumb Code    38  bsp_iwdg.o(.text)
    IWDG_Feed                                0x08005017   Thumb Code     4  bsp_iwdg.o(.text)
    MQTT_Buff_Init                           0x0800501d   Thumb Code    34  socket.o(.text)
    MQTT_DealPushdata_Qs0                    0x0800503f   Thumb Code   160  socket.o(.text)
    MQTT_Answer                              0x080050df   Thumb Code    24  socket.o(.text)
    TxDataBuf_Deal                           0x080050f7   Thumb Code    52  socket.o(.text)
    MQTT_ConectPack                          0x0800512b   Thumb Code    66  socket.o(.text)
    MQTT_PingREQ                             0x0800516d   Thumb Code    70  socket.o(.text)
    MQTT_zhuce                               0x080051b3   Thumb Code    62  socket.o(.text)
    MQTT_Buff_ReInit                         0x080051f1   Thumb Code    66  socket.o(.text)
    MQTT_start                               0x08005233   Thumb Code   110  socket.o(.text)
    MQTT_Time                                0x080052a1   Thumb Code    30  socket.o(.text)
    MQTT_Execute_Action                      0x080052bf   Thumb Code    36  socket.o(.text)
    COAP_POST                                0x080052e3   Thumb Code   118  socket.o(.text)
    Usart_SendByte3                          0x080053b9   Thumb Code    24  ch9329.o(.text)
    ASCII_Hiddata                            0x080053d1   Thumb Code    14  ch9329.o(.text)
    SEND_MS_ABS_DATA                         0x080053df   Thumb Code   170  ch9329.o(.text)
    SUM                                      0x08005489   Thumb Code    56  ch9329.o(.text)
    SEND_KB                                  0x080054c1   Thumb Code    38  ch9329.o(.text)
    SEND_MS_ABS                              0x080054e7   Thumb Code   130  ch9329.o(.text)
    SEND_MS_KB                               0x08005569   Thumb Code   608  ch9329.o(.text)
    delay_S                                  0x080057c9   Thumb Code    26  ch9329.o(.text)
    setwindowprogram_chinese                 0x080057e3   Thumb Code   274  ch9329.o(.text)
    implement                                0x080058f5   Thumb Code   244  ch9329.o(.text)
    ONE_implement_move                       0x080059e9   Thumb Code   238  ch9329.o(.text)
    USART3_Init                              0x08005afd   Thumb Code   352  usart3.o(.text)
    USART3_DMA_Send                          0x08005c5d   Thumb Code    34  usart3.o(.text)
    USART3_DMA_Receive_Process               0x08005c7f   Thumb Code    24  usart3.o(.text)
    USART3_IRQHandler                        0x08005c97   Thumb Code    78  usart3.o(.text)
    USART_SEND_DATA                          0x08005ce5   Thumb Code    46  usart3.o(.text)
    BitCopy                                  0x08005d29   Thumb Code    18  des_c.o(.text)
    Table_change                             0x08005d3b   Thumb Code    34  des_c.o(.text)
    Reverse                                  0x08005d5d   Thumb Code    30  des_c.o(.text)
    Xor                                      0x08005d7b   Thumb Code    30  des_c.o(.text)
    IntToBit                                 0x08005d99   Thumb Code    66  des_c.o(.text)
    S_change                                 0x08005ddb   Thumb Code   106  des_c.o(.text)
    F_change                                 0x08005e45   Thumb Code    72  des_c.o(.text)
    LoopMove                                 0x08005e8d   Thumb Code    54  des_c.o(.text)
    SetKey                                   0x08005ec3   Thumb Code    94  des_c.o(.text)
    Decrypt                                  0x08005f21   Thumb Code   102  des_c.o(.text)
    Encrypt                                  0x08005f87   Thumb Code   114  des_c.o(.text)
    BitToHex                                 0x08005ff9   Thumb Code    90  des_c.o(.text)
    HexToBit                                 0x08006053   Thumb Code    66  des_c.o(.text)
    CBC_encrypt                              0x08006095   Thumb Code  1062  des_c.o(.text)
    Data_for_DLT645                          0x080064bb   Thumb Code    76  des_c.o(.text)
    delay_us                                 0x08006545   Thumb Code    18  bsp_ds18b20.o(.text)
    DS18B20_Init                             0x0800662f   Thumb Code    24  bsp_ds18b20.o(.text)
    DS18B20_GetTemp_SkipRom                  0x08006715   Thumb Code    92  bsp_ds18b20.o(.text)
    DS18B20_ReadId                           0x08006771   Thumb Code    28  bsp_ds18b20.o(.text)
    DS18B20_GetTemp_MatchRom                 0x0800678d   Thumb Code   120  bsp_ds18b20.o(.text)
    osPriqueueInit                           0x08006809   Thumb Code    42  los_priqueue.o(.text)
    osPriqueueEnqueue                        0x08006833   Thumb Code    24  los_priqueue.o(.text)
    osPriqueueDequeue                        0x0800684b   Thumb Code    20  los_priqueue.o(.text)
    osPriqueueTop                            0x0800685f   Thumb Code    42  los_priqueue.o(.text)
    osPriqueueSize                           0x08006889   Thumb Code    26  los_priqueue.o(.text)
    osPriqueueTotalSize                      0x080068a3   Thumb Code    24  los_priqueue.o(.text)
    osSwTmrTask                              0x080068c5   Thumb Code    56  los_swtmr.o(.text)
    osSwTmrTaskCreate                        0x080068fd   Thumb Code    46  los_swtmr.o(.text)
    osSwTmrInit                              0x0800692b   Thumb Code   106  los_swtmr.o(.text)
    osSwTmrStart                             0x08006995   Thumb Code    60  los_swtmr.o(.text)
    osSwtmrStop                              0x080069d1   Thumb Code    56  los_swtmr.o(.text)
    osSwtmrScan                              0x08006a6f   Thumb Code    26  los_swtmr.o(.text)
    osSwTmrGetNextTimeout                    0x08006a89   Thumb Code    18  los_swtmr.o(.text)
    osSwtimerInsert                          0x08006a9b   Thumb Code    62  los_swtmr.o(.text)
    osSwTmrAdjust                            0x08006ad9   Thumb Code    28  los_swtmr.o(.text)
    osSwtmrTimeGet                           0x08006af5   Thumb Code    22  los_swtmr.o(.text)
    LOS_SwtmrCreate                          0x08006b0b   Thumb Code   122  los_swtmr.o(.text)
    LOS_SwtmrStart                           0x08006b85   Thumb Code   114  los_swtmr.o(.text)
    LOS_SwtmrStop                            0x08006bf7   Thumb Code   106  los_swtmr.o(.text)
    LOS_SwtmrTimeGet                         0x08006c61   Thumb Code   148  los_swtmr.o(.text)
    LOS_SwtmrDelete                          0x08006cf5   Thumb Code   110  los_swtmr.o(.text)
    LOS_TickCountGet                         0x08006d79   Thumb Code     6  los_sys.o(.text)
    LOS_CyclePerTickGet                      0x08006d7f   Thumb Code    14  los_sys.o(.text)
    LOS_MS2Tick                              0x08006d8d   Thumb Code    28  los_sys.o(.text)
    LOS_Tick2MS                              0x08006da9   Thumb Code    18  los_sys.o(.text)
    osCpuTick2MS                             0x08006dbb   Thumb Code    74  los_sys.o(.text)
    osCpuTick2US                             0x08006e05   Thumb Code    72  los_sys.o(.text)
    osTaskNextSwitchTimeGet                  0x08006e61   Thumb Code    60  los_task.o(.text)
    osIdleTask                               0x08006e9d   Thumb Code     2  los_task.o(.text)
    osTaskPriModify                          0x08006e9f   Thumb Code    52  los_task.o(.text)
    osTaskAdd2TimerList                      0x08006ed3   Thumb Code   136  los_task.o(.text)
    osTimerListDelete                        0x08006f5b   Thumb Code    48  los_task.o(.text)
    osTaskScan                               0x08006f8b   Thumb Code   182  los_task.o(.text)
    osConvertTskStatus                       0x08007041   Thumb Code    68  los_task.o(.text)
    osGetTaskWaterLine                       0x08007085   Thumb Code    88  los_task.o(.text)
    osGetAllTskInfo                          0x080070dd   Thumb Code   196  los_task.o(.text)
    osTaskInit                               0x080071a1   Thumb Code   390  los_task.o(.text)
    LOS_TaskCreateOnly                       0x08007327   Thumb Code   322  los_task.o(.text)
    LOS_TaskCreate                           0x08007469   Thumb Code   112  los_task.o(.text)
    osIdleTaskCreate                         0x080074d9   Thumb Code    50  los_task.o(.text)
    LOS_CurTaskIDGet                         0x0800750b   Thumb Code    18  los_task.o(.text)
    LOS_NextTaskIDGet                        0x0800751d   Thumb Code    18  los_task.o(.text)
    LOS_CurTaskNameGet                       0x0800752f   Thumb Code    16  los_task.o(.text)
    osTaskSwitchCheck                        0x0800753f   Thumb Code   178  los_task.o(.text)
    osTaskMonInit                            0x080075f1   Thumb Code    34  los_task.o(.text)
    LOS_TaskDelete                           0x08007613   Thumb Code   522  los_task.o(.text)
    osTaskEntry                              0x0800781d   Thumb Code    38  los_task.o(.text)
    LOS_TaskResume                           0x08007843   Thumb Code   134  los_task.o(.text)
    LOS_TaskSuspend                          0x080078c9   Thumb Code   170  los_task.o(.text)
    LOS_TaskYield                            0x08007973   Thumb Code   106  los_task.o(.text)
    LOS_TaskDelay                            0x080079dd   Thumb Code    98  los_task.o(.text)
    LOS_TaskPriGet                           0x08007a3f   Thumb Code    62  los_task.o(.text)
    LOS_TaskPriSet                           0x08007a7d   Thumb Code   150  los_task.o(.text)
    LOS_CurTaskPriSet                        0x08007b13   Thumb Code    12  los_task.o(.text)
    osTaskWait                               0x08007b1f   Thumb Code    70  los_task.o(.text)
    osTaskWake                               0x08007b65   Thumb Code    66  los_task.o(.text)
    LOS_TaskLock                             0x08007ba7   Thumb Code    24  los_task.o(.text)
    LOS_TaskUnlock                           0x08007bbf   Thumb Code    58  los_task.o(.text)
    LOS_TaskInfoGet                          0x08007bf9   Thumb Code   222  los_task.o(.text)
    LOS_TaskStatusGet                        0x08007cd7   Thumb Code    70  los_task.o(.text)
    LOS_TaskSwitchInfoGet                    0x08007d1d   Thumb Code    60  los_task.o(.text)
    LOS_TaskInfoMonitor                      0x08007d59   Thumb Code     4  los_task.o(.text)
    LOS_TaskIsRunning                        0x08007d5d   Thumb Code     6  los_task.o(.text)
    LOS_NewTaskIDGet                         0x08007d63   Thumb Code    18  los_task.o(.text)
    LOS_TaskNameGet                          0x08007d75   Thumb Code    54  los_task.o(.text)
    osTickHandler                            0x08007ded   Thumb Code    30  los_tick.o(.text)
    LOS_SysClockGet                          0x08007e0b   Thumb Code     6  los_tick.o(.text)
    osQueueInit                              0x08007e15   Thumb Code    78  los_queue.o(.text)
    LOS_QueueCreate                          0x08007e63   Thumb Code   188  los_queue.o(.text)
    osQueueOperate                           0x0800801f   Thumb Code   336  los_queue.o(.text)
    LOS_QueueReadCopy                        0x0800816f   Thumb Code    42  los_queue.o(.text)
    LOS_QueueWriteHeadCopy                   0x08008199   Thumb Code    44  los_queue.o(.text)
    LOS_QueueWriteCopy                       0x080081c5   Thumb Code    42  los_queue.o(.text)
    LOS_QueueRead                            0x080081ef   Thumb Code    74  los_queue.o(.text)
    LOS_QueueWrite                           0x08008239   Thumb Code    22  los_queue.o(.text)
    LOS_QueueWriteHead                       0x0800824f   Thumb Code    22  los_queue.o(.text)
    osQueueMailAlloc                         0x08008265   Thumb Code   146  los_queue.o(.text)
    osQueueMailFree                          0x080082f7   Thumb Code   142  los_queue.o(.text)
    LOS_QueueDelete                          0x08008385   Thumb Code   158  los_queue.o(.text)
    LOS_QueueInfoGet                         0x08008423   Thumb Code   200  los_queue.o(.text)
    osSemInit                                0x08008519   Thumb Code    72  los_sem.o(.text)
    osSemCreate                              0x08008561   Thumb Code   134  los_sem.o(.text)
    LOS_SemCreate                            0x080085e7   Thumb Code     8  los_sem.o(.text)
    LOS_BinarySemCreate                      0x080085ef   Thumb Code     6  los_sem.o(.text)
    LOS_SemDelete                            0x080085f5   Thumb Code   120  los_sem.o(.text)
    LOS_SemPend                              0x0800866d   Thumb Code   240  los_sem.o(.text)
    LOS_SemPost                              0x0800875d   Thumb Code   152  los_sem.o(.text)
    osHeapPrvGetNext                         0x0800888d   Thumb Code    22  los_heap.o(.text)
    osHeapInit                               0x080088a3   Thumb Code    62  los_heap.o(.text)
    osHeapStatisticsGet                      0x080088e1   Thumb Code    76  los_heap.o(.text)
    osAlarmHeapInfo                          0x0800892d   Thumb Code    26  los_heap.o(.text)
    osHeapAlloc                              0x08008947   Thumb Code   238  los_heap.o(.text)
    osHeapFree                               0x08008a35   Thumb Code   224  los_heap.o(.text)
    osHeapGetHeapMemoryPeak                  0x08008b15   Thumb Code     6  los_heap.o(.text)
    osHeapGetMaxFreeBlkSize                  0x08008b1b   Thumb Code    40  los_heap.o(.text)
    LOS_Align                                0x08008b95   Thumb Code    20  los_misc.o(.text)
    LOS_Msleep                               0x08008ba9   Thumb Code    40  los_misc.o(.text)
    LOS_ErrHandle                            0x08008bd1   Thumb Code    34  los_err.o(.text)
    osEnableFPU                              0x08008bfd   Thumb Code    12  los_init.o(.text)
    LOS_Reboot                               0x08008c09   Thumb Code     6  los_init.o(.text)
    LOS_Start                                0x08008c17   Thumb Code    34  los_init.o(.text)
    LOS_KernelInit                           0x08008c39   Thumb Code   132  los_init.o(.text)
    LOS_MemboxInit                           0x08008d41   Thumb Code    44  los_membox.o(.text)
    LOS_MemboxAlloc                          0x08008d6d   Thumb Code    64  los_membox.o(.text)
    LOS_MemboxFree                           0x08008dad   Thumb Code    36  los_membox.o(.text)
    LOS_MemboxClr                            0x08008dd1   Thumb Code    10  los_membox.o(.text)
    LOS_MemboxStatisticsGet                  0x08008ddb   Thumb Code    32  los_membox.o(.text)
    osSlabCtrlHdrGet                         0x08008e25   Thumb Code     4  los_memory.o(.text)
    LOS_MemInit                              0x08008e29   Thumb Code   164  los_memory.o(.text)
    osMemSystemInit                          0x08008ecd   Thumb Code     8  los_memory.o(.text)
    LOS_MemDeInit                            0x08008ed5   Thumb Code    66  los_memory.o(.text)
    LOS_MemPoolList                          0x08008f17   Thumb Code    28  los_memory.o(.text)
    LOS_MemAlloc                             0x08008f33   Thumb Code    16  los_memory.o(.text)
    LOS_MemAllocAlign                        0x08008f43   Thumb Code    64  los_memory.o(.text)
    LOS_MemFree                              0x08008f83   Thumb Code    42  los_memory.o(.text)
    LOS_MemRealloc                           0x08008fad   Thumb Code   112  los_memory.o(.text)
    LOS_MemStatisticsGet                     0x0800901d   Thumb Code    44  los_memory.o(.text)
    LOS_MemGetMaxFreeBlkSize                 0x08009049   Thumb Code    16  los_memory.o(.text)
    LOS_StartToRun                           0x0800909d   Thumb Code     0  los_dispatch_keil.o(.text)
    LOS_IntLock                              0x080090e1   Thumb Code     0  los_dispatch_keil.o(.text)
    LOS_IntUnLock                            0x080090e9   Thumb Code     0  los_dispatch_keil.o(.text)
    LOS_IntRestore                           0x080090f1   Thumb Code     0  los_dispatch_keil.o(.text)
    osTaskSchedule                           0x080090f7   Thumb Code     0  los_dispatch_keil.o(.text)
    osPendSV                                 0x08009101   Thumb Code     0  los_dispatch_keil.o(.text)
    osSchedule                               0x0800916d   Thumb Code     4  los_hw.o(.text)
    LOS_Schedule                             0x08009171   Thumb Code    54  los_hw.o(.text)
    osTaskExit                               0x080091a7   Thumb Code     4  los_hw.o(.text)
    osTskStackInit                           0x080091ab   Thumb Code   124  los_hw.o(.text)
    osEnterSleep                             0x08009227   Thumb Code    12  los_hw.o(.text)
    osTickStart                              0x08009241   Thumb Code    90  los_hw_tick.o(.text)
    LOS_SysTickCurrCycleGet                  0x0800929b   Thumb Code    38  los_hw_tick.o(.text)
    LOS_GetCpuCycle                          0x080092c1   Thumb Code    82  los_hw_tick.o(.text)
    LOS_GetSystickCycle                      0x08009313   Thumb Code    78  los_hw_tick.o(.text)
    osIntNumGet                              0x08009375   Thumb Code     6  los_hwi.o(.text)
    PendSV_Handler                           0x0800937b   Thumb Code     4  los_hwi.o(.text)
    SysTick_Handler                          0x0800937f   Thumb Code     4  los_hwi.o(.text)
    cJSON_GetErrorPtr                        0x08009385   Thumb Code     6  cjson.o(.text)
    cJSON_InitHooks                          0x08009401   Thumb Code    36  cjson.o(.text)
    cJSON_Delete                             0x0800943f   Thumb Code    60  cjson.o(.text)
    cJSON_ParseWithOpts                      0x08009c83   Thumb Code    94  cjson.o(.text)
    cJSON_Parse                              0x08009ce1   Thumb Code     6  cjson.o(.text)
    cJSON_Print                              0x0800a0cb   Thumb Code     6  cjson.o(.text)
    cJSON_PrintUnformatted                   0x0800a0d1   Thumb Code     6  cjson.o(.text)
    cJSON_GetArraySize                       0x0800a0d7   Thumb Code    16  cjson.o(.text)
    cJSON_GetArrayItem                       0x0800a0e7   Thumb Code    18  cjson.o(.text)
    cJSON_GetObjectItem                      0x0800a0f9   Thumb Code    28  cjson.o(.text)
    cJSON_AddItemToArray                     0x0800a149   Thumb Code    26  cjson.o(.text)
    cJSON_AddItemToObject                    0x0800a163   Thumb Code    42  cjson.o(.text)
    cJSON_AddItemReferenceToArray            0x0800a18d   Thumb Code    20  cjson.o(.text)
    cJSON_AddItemReferenceToObject           0x0800a1a1   Thumb Code    24  cjson.o(.text)
    cJSON_DetachItemFromArray                0x0800a1b9   Thumb Code    56  cjson.o(.text)
    cJSON_DeleteItemFromArray                0x0800a1f1   Thumb Code    14  cjson.o(.text)
    cJSON_DetachItemFromObject               0x0800a1ff   Thumb Code    48  cjson.o(.text)
    cJSON_DeleteItemFromObject               0x0800a22f   Thumb Code    14  cjson.o(.text)
    cJSON_ReplaceItemInArray                 0x0800a23d   Thumb Code    62  cjson.o(.text)
    cJSON_ReplaceItemInObject                0x0800a27b   Thumb Code    60  cjson.o(.text)
    cJSON_CreateNull                         0x0800a2b7   Thumb Code    16  cjson.o(.text)
    cJSON_CreateTrue                         0x0800a2c7   Thumb Code    16  cjson.o(.text)
    cJSON_CreateFalse                        0x0800a2d7   Thumb Code    16  cjson.o(.text)
    cJSON_CreateBool                         0x0800a2e7   Thumb Code    24  cjson.o(.text)
    cJSON_CreateNumber                       0x0800a2ff   Thumb Code    36  cjson.o(.text)
    cJSON_CreateString                       0x0800a323   Thumb Code    28  cjson.o(.text)
    cJSON_CreateArray                        0x0800a33f   Thumb Code    16  cjson.o(.text)
    cJSON_CreateObject                       0x0800a34f   Thumb Code    16  cjson.o(.text)
    cJSON_CreateIntArray                     0x0800a35f   Thumb Code    64  cjson.o(.text)
    cJSON_CreateFloatArray                   0x0800a39f   Thumb Code    62  cjson.o(.text)
    cJSON_CreateDoubleArray                  0x0800a3dd   Thumb Code    60  cjson.o(.text)
    cJSON_CreateStringArray                  0x0800a419   Thumb Code    60  cjson.o(.text)
    cJSON_Duplicate                          0x0800a455   Thumb Code   150  cjson.o(.text)
    cJSON_Minify                             0x0800a4eb   Thumb Code   162  cjson.o(.text)
    __aeabi_uldivmod                         0x0800a58d   Thumb Code    98  uldiv.o(.text)
    tolower                                  0x0800a5ef   Thumb Code    12  tolower.o(.text)
    rand                                     0x0800a5fd   Thumb Code    20  rand.o(.text)
    srand                                    0x0800a611   Thumb Code     6  rand.o(.text)
    __aeabi_memcpy                           0x0800a621   Thumb Code    36  memcpya.o(.text)
    __aeabi_memcpy4                          0x0800a621   Thumb Code     0  memcpya.o(.text)
    __aeabi_memcpy8                          0x0800a621   Thumb Code     0  memcpya.o(.text)
    __aeabi_memset                           0x0800a645   Thumb Code    14  memseta.o(.text)
    __aeabi_memset4                          0x0800a645   Thumb Code     0  memseta.o(.text)
    __aeabi_memset8                          0x0800a645   Thumb Code     0  memseta.o(.text)
    __aeabi_memclr                           0x0800a653   Thumb Code     4  memseta.o(.text)
    __aeabi_memclr4                          0x0800a653   Thumb Code     0  memseta.o(.text)
    __aeabi_memclr8                          0x0800a653   Thumb Code     0  memseta.o(.text)
    _memset$wrapper                          0x0800a657   Thumb Code    18  memseta.o(.text)
    strstr                                   0x0800a669   Thumb Code    36  strstr.o(.text)
    strncpy                                  0x0800a68d   Thumb Code    24  strncpy.o(.text)
    strchr                                   0x0800a6a5   Thumb Code    20  strchr.o(.text)
    strlen                                   0x0800a6b9   Thumb Code    14  strlen.o(.text)
    strcmp                                   0x0800a6c7   Thumb Code    28  strcmp.o(.text)
    strcpy                                   0x0800a6e3   Thumb Code    18  strcpy.o(.text)
    strncmp                                  0x0800a6f5   Thumb Code    30  strncmp.o(.text)
    __0scanf                                 0x0800a715   Thumb Code    26  __0scanf.o(.text)
    __0sscanf                                0x0800a735   Thumb Code    48  __0sscanf.o(.text)
    _scanf_int                               0x0800a76d   Thumb Code   332  _scanf_int.o(.text)
    _scanf_string                            0x0800a8b9   Thumb Code   224  _scanf_str.o(.text)
    __aeabi_fadd                             0x0800a999   Thumb Code   164  fadd.o(.text)
    __aeabi_fsub                             0x0800aa3d   Thumb Code     6  fadd.o(.text)
    __aeabi_frsub                            0x0800aa43   Thumb Code     6  fadd.o(.text)
    __aeabi_fmul                             0x0800aa49   Thumb Code   100  fmul.o(.text)
    __aeabi_dadd                             0x0800aaad   Thumb Code   322  dadd.o(.text)
    __aeabi_dsub                             0x0800abef   Thumb Code     6  dadd.o(.text)
    __aeabi_drsub                            0x0800abf5   Thumb Code     6  dadd.o(.text)
    __aeabi_dmul                             0x0800abfb   Thumb Code   228  dmul.o(.text)
    __aeabi_ddiv                             0x0800acdf   Thumb Code   222  ddiv.o(.text)
    __ARM_scalbn                             0x0800adbd   Thumb Code    46  dscalb.o(.text)
    scalbn                                   0x0800adbd   Thumb Code     0  dscalb.o(.text)
    __aeabi_i2d                              0x0800adeb   Thumb Code    34  dflti.o(.text)
    __aeabi_ui2d                             0x0800ae0d   Thumb Code    26  dfltui.o(.text)
    __aeabi_ul2d                             0x0800ae27   Thumb Code    24  dfltul.o(.text)
    __aeabi_f2iz                             0x0800ae3f   Thumb Code    50  ffixi.o(.text)
    __aeabi_f2uiz                            0x0800ae71   Thumb Code    40  ffixui.o(.text)
    __aeabi_d2iz                             0x0800ae99   Thumb Code    62  dfixi.o(.text)
    __aeabi_d2ulz                            0x0800aed7   Thumb Code    48  dfixul.o(.text)
    __aeabi_f2d                              0x0800af07   Thumb Code    38  f2d.o(.text)
    __aeabi_cdcmpeq                          0x0800af2d   Thumb Code     0  cdcmple.o(.text)
    __aeabi_cdcmple                          0x0800af2d   Thumb Code    48  cdcmple.o(.text)
    __aeabi_cdrcmple                         0x0800af5d   Thumb Code    48  cdrcmple.o(.text)
    __aeabi_d2f                              0x0800af8d   Thumb Code    56  d2f.o(.text)
    __aeabi_uidiv                            0x0800afc5   Thumb Code     0  uidiv.o(.text)
    __aeabi_uidivmod                         0x0800afc5   Thumb Code    44  uidiv.o(.text)
    __aeabi_llsl                             0x0800aff1   Thumb Code    30  llshl.o(.text)
    _ll_shift_l                              0x0800aff1   Thumb Code     0  llshl.o(.text)
    __aeabi_llsr                             0x0800b00f   Thumb Code    32  llushr.o(.text)
    _ll_ushift_r                             0x0800b00f   Thumb Code     0  llushr.o(.text)
    __aeabi_lasr                             0x0800b02f   Thumb Code    36  llsshr.o(.text)
    _ll_sshift_r                             0x0800b02f   Thumb Code     0  llsshr.o(.text)
    _chval                                   0x0800b053   Thumb Code    28  _chval.o(.text)
    __vfscanf_char                           0x0800b07d   Thumb Code    20  scanf_char.o(.text)
    _sgetc                                   0x0800b099   Thumb Code    30  _sgetc.o(.text)
    _sbackspace                              0x0800b0b7   Thumb Code    34  _sgetc.o(.text)
    __vfscanf_char_file                      0x0800b0d9   Thumb Code    12  scanf_char_file.o(.text)
    __I$use$fp                               0x0800b0ed   Thumb Code     0  iusefp.o(.text)
    _float_round                             0x0800b0ed   Thumb Code    18  fepilogue.o(.text)
    _float_epilogue                          0x0800b0ff   Thumb Code    92  fepilogue.o(.text)
    _double_round                            0x0800b15b   Thumb Code    30  depilogue.o(.text)
    _double_epilogue                         0x0800b179   Thumb Code   156  depilogue.o(.text)
    __scatterload                            0x0800b215   Thumb Code    28  init.o(.text)
    __scatterload_rt2                        0x0800b215   Thumb Code     0  init.o(.text)
    _fgetc$bs                                0x0800b239   Thumb Code    28  fgetc_b.o(.text)
    __backspace                              0x0800b255   Thumb Code    10  fgetc_b.o(.text)
    isspace                                  0x0800b265   Thumb Code    10  isspace_c.o(.text)
    __vfscanf                                0x0800b271   Thumb Code   808  _scanf.o(.text)
    _dsqrt                                   0x0800b59d   Thumb Code   162  dsqrt.o(.text)
    __semihosting_library_function           0x0800b63f   Thumb Code     0  semi.o(.text)
    __ctype_lookup                           0x0800b641   Thumb Code    34  ctype_c.o(.text)
    __I$use$semihosting$fgetc                0x0800b669   Thumb Code     0  iusesemig.o(.text)
    __decompress                             0x0800b669   Thumb Code     0  __dczerorl2.o(.text)
    __decompress1                            0x0800b669   Thumb Code    86  __dczerorl2.o(.text)
    __0printf                                0x0800b6c1   Thumb Code    22  printfa.o(i.__0printf)
    __1printf                                0x0800b6c1   Thumb Code     0  printfa.o(i.__0printf)
    __2printf                                0x0800b6c1   Thumb Code     0  printfa.o(i.__0printf)
    __c89printf                              0x0800b6c1   Thumb Code     0  printfa.o(i.__0printf)
    printf                                   0x0800b6c1   Thumb Code     0  printfa.o(i.__0printf)
    __0sprintf                               0x0800b6e1   Thumb Code    34  printfa.o(i.__0sprintf)
    __1sprintf                               0x0800b6e1   Thumb Code     0  printfa.o(i.__0sprintf)
    __2sprintf                               0x0800b6e1   Thumb Code     0  printfa.o(i.__0sprintf)
    __c89sprintf                             0x0800b6e1   Thumb Code     0  printfa.o(i.__0sprintf)
    sprintf                                  0x0800b6e1   Thumb Code     0  printfa.o(i.__0sprintf)
    __0vsprintf                              0x0800b709   Thumb Code    30  printfa.o(i.__0vsprintf)
    __1vsprintf                              0x0800b709   Thumb Code     0  printfa.o(i.__0vsprintf)
    __2vsprintf                              0x0800b709   Thumb Code     0  printfa.o(i.__0vsprintf)
    __c89vsprintf                            0x0800b709   Thumb Code     0  printfa.o(i.__0vsprintf)
    vsprintf                                 0x0800b709   Thumb Code     0  printfa.o(i.__0vsprintf)
    __ARM_fpclassify                         0x0800b72d   Thumb Code    40  fpclassify.o(i.__ARM_fpclassify)
    __kernel_poly                            0x0800b755   Thumb Code   170  poly.o(i.__kernel_poly)
    __mathlib_dbl_divzero                    0x0800b801   Thumb Code    12  dunder.o(i.__mathlib_dbl_divzero)
    __mathlib_dbl_infnan2                    0x0800b811   Thumb Code     4  dunder.o(i.__mathlib_dbl_infnan2)
    __mathlib_dbl_invalid                    0x0800b815   Thumb Code    12  dunder.o(i.__mathlib_dbl_invalid)
    __mathlib_dbl_overflow                   0x0800b821   Thumb Code    14  dunder.o(i.__mathlib_dbl_overflow)
    __mathlib_dbl_underflow                  0x0800b831   Thumb Code    10  dunder.o(i.__mathlib_dbl_underflow)
    __scatterload_copy                       0x0800b841   Thumb Code    14  handlers.o(i.__scatterload_copy)
    __scatterload_null                       0x0800b84f   Thumb Code     2  handlers.o(i.__scatterload_null)
    __scatterload_zeroinit                   0x0800b851   Thumb Code    14  handlers.o(i.__scatterload_zeroinit)
    __set_errno                              0x0800b861   Thumb Code     6  errno.o(i.__set_errno)
    floor                                    0x0800c109   Thumb Code   204  floor.o(i.floor)
    free                                     0x0800c1e5   Thumb Code    76  malloc.o(i.free)
    malloc                                   0x0800c235   Thumb Code    92  malloc.o(i.malloc)
    pow                                      0x0800c2a1   Thumb Code  2478  pow.o(i.pow)
    sqrt                                     0x0800cc59   Thumb Code    76  sqrt.o(i.sqrt)
    F14x16                                   0x0800ccd4   Data        1470  ch9329.o(.constdata)
    IP                                       0x0800d294   Data         256  des_c.o(.constdata)
    IPR                                      0x0800d394   Data         256  des_c.o(.constdata)
    E                                        0x0800d494   Data         192  des_c.o(.constdata)
    PC1                                      0x0800d554   Data         224  des_c.o(.constdata)
    LS                                       0x0800d634   Data          64  des_c.o(.constdata)
    PC2                                      0x0800d674   Data         192  des_c.o(.constdata)
    S_Box                                    0x0800d734   Data        2048  des_c.o(.constdata)
    P                                        0x0800df34   Data         128  des_c.o(.constdata)
    __mathlib_zero                           0x0800e058   Data           8  qnan.o(.constdata)
    __ctype_categories                       0x0800e060   Data          64  ctype_c.o(.constdata)
    Region$$Table$$Base                      0x0800e3f4   Number         0  anon$$obj.o(Region$$Table)
    Region$$Table$$Limit                     0x0800e414   Number         0  anon$$obj.o(Region$$Table)
    SystemCoreClock                          0x20000000   Data           4  system_stm32f10x.o(.data)
    AHBPrescTable                            0x20000004   Data          16  system_stm32f10x.o(.data)
    time_flag                                0x20000028   Data           1  main.o(.data)
    time_flag2                               0x20000029   Data           1  main.o(.data)
    TIme_flag                                0x2000002a   Data           1  main.o(.data)
    kaiji                                    0x2000002b   Data           1  main.o(.data)
    guanji                                   0x2000002c   Data           1  main.o(.data)
    resolution_flag                          0x2000002d   Data           1  main.o(.data)
    uc                                       0x2000002e   Data           1  main.o(.data)
    Timer2_Handle                            0x20000030   Data           2  main.o(.data)
    temp_ceshi                               0x20000032   Data           2  main.o(.data)
    temp_ceshi2                              0x20000034   Data           3  main.o(.data)
    TmrCb_Count4                             0x20000044   Data           4  main.o(.data)
    tp                                       0x20000048   Data           4  main.o(.data)
    LED_Task_Handle                          0x2000004c   Data           4  main.o(.data)
    IWDG_Task_Handle                         0x20000050   Data           4  main.o(.data)
    WiFi_Task_Handle                         0x20000054   Data           4  main.o(.data)
    Giz_Wits_Handle                          0x20000058   Data           4  main.o(.data)
    GO1_Task_Handle                          0x2000005c   Data           4  main.o(.data)
    GO2_Task_Handle                          0x20000060   Data           4  main.o(.data)
    GO3_Task_Handle                          0x20000064   Data           4  main.o(.data)
    ds18b20_Task_Handle                      0x20000068   Data           4  main.o(.data)
    Test_Queue_Handle                        0x2000006c   Data           4  main.o(.data)
    BinarySem_Handle                         0x20000070   Data           4  main.o(.data)
    BinarySem_Handle2                        0x20000074   Data           4  main.o(.data)
    BinarySem_Handle3                        0x20000078   Data           4  main.o(.data)
    BinarySem_Handle4                        0x2000007c   Data           4  main.o(.data)
    resolution_set                           0x20000080   Data           4  main.o(.data)
    address                                  0x20000084   Data           4  main.o(.data)
    ucDs18b20Id                              0x20000088   Data           8  main.o(.data)
    systmtime                                0x20000090   Data          32  main.o(.data)
    uart1_cnt                                0x200000b8   Data           2  bsp_usart.o(.data)
    DMA_cleal                                0x200000ba   Data           1  wifi.o(.data)
    usart2_cnt                               0x200000bc   Data           2  bsp_usart2.o(.data)
    Usart2_RxCounter                         0x200000c0   Data           4  bsp_usart2.o(.data)
    mallco_dev                               0x200000c4   Data          20  malloc.o(.data)
    TimeDisplay                              0x20000108   Data           4  bsp_rtc.o(.data)
    Connect_flag                             0x2000010c   Data           1  socket.o(.data)
    MQTT_CMDBuf                              0x20000110   Data           1  socket.o(.data)
    MQTT_RxDataInPtr                         0x20000114   Data           4  socket.o(.data)
    MQTT_RxDataOutPtr                        0x20000118   Data           4  socket.o(.data)
    MQTT_RxDataEndPtr                        0x2000011c   Data           4  socket.o(.data)
    MQTT_TxDataInPtr                         0x20000120   Data           4  socket.o(.data)
    MQTT_TxDataOutPtr                        0x20000124   Data           4  socket.o(.data)
    MQTT_TxDataEndPtr                        0x20000128   Data           4  socket.o(.data)
    MQTT_CMDInPtr                            0x2000012c   Data           4  socket.o(.data)
    MQTT_CMDOutPtr                           0x20000130   Data           4  socket.o(.data)
    MQTT_CMDEndPtr                           0x20000134   Data           4  socket.o(.data)
    Charatch_Num                             0x20000138   Data           1  ch9329.o(.data)
    X_MAX                                    0x2000013c   Data           4  ch9329.o(.data)
    Y_MAX                                    0x20000140   Data           4  ch9329.o(.data)
    CMD_SEND_KB_GENERAL_DATA_A               0x20000144   Data          14  ch9329.o(.data)
    CMD_SEND_KB_GENERAL_DATA_E               0x20000152   Data          14  ch9329.o(.data)
    CMD_SEND_KB_GENERAL_DATA_G               0x20000160   Data          14  ch9329.o(.data)
    CMD_SEND_KB_GENERAL_DATA_H               0x2000016e   Data          14  ch9329.o(.data)
    CMD_SEND_KB_GENERAL_DATA_I               0x2000017c   Data          14  ch9329.o(.data)
    CMD_SEND_KB_GENERAL_DATA_L               0x2000018a   Data          14  ch9329.o(.data)
    CMD_SEND_KB_GENERAL_DATA_S               0x20000198   Data          14  ch9329.o(.data)
    CMD_SEND_KB_GENERAL_DATA_U               0x200001a6   Data          14  ch9329.o(.data)
    CMD_SEND_KB_GENERAL_DATA_Z               0x200001b4   Data          14  ch9329.o(.data)
    CMD_SEND_KB_GENERAL_DATA_1               0x200001c2   Data          14  ch9329.o(.data)
    CMD_SEND_KB_GENERAL_DATA_S_1             0x200001d0   Data          14  ch9329.o(.data)
    CMD_SEND_KB_GENERAL_DATA_capslock        0x200001de   Data          14  ch9329.o(.data)
    CMD_SEND_KB_GENERAL_DATA_ENTER           0x200001ec   Data          14  ch9329.o(.data)
    CMD_SEND_MS_ABS_DATA_LEFT                0x200001fa   Data          13  ch9329.o(.data)
    RELEASE_SEND_MS_ABS_DATA                 0x20000207   Data          13  ch9329.o(.data)
    CMD_SEND_MS_ABS_DATA_1                   0x20000214   Data          13  ch9329.o(.data)
    CMD_SEND_MS_ABS_DATA_RIGHT               0x20000221   Data          13  ch9329.o(.data)
    RELEASE_SEND_KB_GENERAL_DATA             0x2000022e   Data          14  ch9329.o(.data)
    ASCII_SP                                 0x2000023c   Data        1024  ch9329.o(.data)
    EXAMPLE                                  0x2000063c   Data          13  ch9329.o(.data)
    CMD_SEND_KB_GENERAL_DATA_B               0x20000649   Data          14  ch9329.o(.data)
    CMD_SEND_KB_GENERAL_DATA_C               0x20000657   Data          14  ch9329.o(.data)
    usart3_cnt                               0x20000666   Data           2  usart3.o(.data)
    g_pstLosPriorityQueueList                0x20000678   Data           4  los_priqueue.o(.data)
    m_uwSwTmrHandlerQueue                    0x2000067c   Data           4  los_swtmr.o(.data)
    m_pstSwtmrCBArray                        0x20000680   Data           4  los_swtmr.o(.data)
    m_pstSwtmrFreeList                       0x20000684   Data           4  los_swtmr.o(.data)
    m_pstSwtmrSortList                       0x20000688   Data           4  los_swtmr.o(.data)
    g_usLosTaskLock                          0x2000068c   Data           2  los_task.o(.data)
    g_pfnTskSwitchHook                       0x20000690   Data           4  los_task.o(.data)
    g_pfnUsrTskSwitchHook                    0x20000694   Data           4  los_task.o(.data)
    g_pstTaskCBArray                         0x20000698   Data           4  los_task.o(.data)
    g_uwTskMaxNum                            0x2000069c   Data           4  los_task.o(.data)
    g_uwIdleTaskID                           0x200006a0   Data           4  los_task.o(.data)
    g_uwSwtmrTaskID                          0x200006a4   Data           4  los_task.o(.data)
    g_bTaskScheduled                         0x200006a8   Data           4  los_task.o(.data)
    g_stLosTask                              0x200006ac   Data           8  los_task.o(.data)
    g_stTaskTimerList                        0x200006b4   Data           8  los_task.o(.data)
    g_stLosFreeTask                          0x200006bc   Data           8  los_task.o(.data)
    g_stTskRecyleList                        0x200006c4   Data           8  los_task.o(.data)
    g_stTskSortLink                          0x200006cc   Data           8  los_task.o(.data)
    g_uwSysClock                             0x200006d8   Data           4  los_tick.o(.data)
    g_ullTickCount                           0x200006e0   Data           8  los_tick.o(.data)
    g_uwCyclesPerTick                        0x200006e8   Data           4  los_tick.o(.data)
    g_pstAllQueue                            0x200006ec   Data           4  los_queue.o(.data)
    g_stFreeQueueList                        0x200006f0   Data           8  los_queue.o(.data)
    g_pstAllSem                              0x200006f8   Data           4  los_sem.o(.data)
    g_stUnusedSemList                        0x200006fc   Data           8  los_sem.o(.data)
    g_stUserErrFunc                          0x20000714   Data           4  los_err.o(.data)
    m_aucSysMem0                             0x20000718   Data           4  los_init.o(.data)
    g_pPoolHead                              0x2000071c   Data           4  los_memory.o(.data)
    __stdin                                  0x20000730   Data           4  stdin.o(.data)
    __stdout                                 0x20000734   Data           4  stdout.o(.data)
    __microlib_freelist                      0x20000738   Data           4  mvars.o(.data)
    __microlib_freelist_initialised          0x2000073c   Data           4  mvars.o(.data)
    data_16                                  0x20000748   Data          17  main.o(.bss)
    enrol_time                               0x20000759   Data          28  main.o(.bss)
    no_enrol_time                            0x20000775   Data          32  main.o(.bss)
    array                                    0x20000795   Data        1400  main.o(.bss)
    arr                                      0x20000d0d   Data        1400  main.o(.bss)
    ack2                                     0x20001285   Data          88  main.o(.bss)
    Usart_Rx_Buf                             0x200012e0   Data         300  bsp_usart.o(.bss)
    Usart1_TxBuff                            0x20001410   Data         100  bsp_usart.o(.bss)
    uart_data                                0x20001474   Data         266  bsp_usart.o(.bss)
    write                                    0x2000157e   Data          88  bsp_usart.o(.bss)
    Usart2_Rx_Buf                            0x200015d8   Data         100  bsp_usart2.o(.bss)
    USART2_TX_BUF                            0x2000163c   Data        1500  bsp_usart2.o(.bss)
    USART2_TxBuff                            0x20001c18   Data         300  bsp_usart2.o(.bss)
    membase                                  0x20001d44   Data        2048  malloc.o(.bss)
    memmapbase                               0x20002544   Data         128  malloc.o(.bss)
    STMFLASH_BUF                             0x200025c4   Data        2048  stmflash.o(.bss)
    temp_buff                                0x20002dc4   Data        1500  socket.o(.bss)
    MQTT_RxDataBuf                           0x200033a0   Data        7500  socket.o(.bss)
    MQTT_TxDataBuf                           0x200050ec   Data        7500  socket.o(.bss)
    USART3_RX_BUF                            0x20006e38   Data          30  usart3.o(.bss)
    USART3_TX_BUF                            0x20006e56   Data          30  usart3.o(.bss)
    g_astTskSwitchInfo                       0x20007314   Data         342  los_task.o(.bss)
    __heap_base                              0x20007470   Data           0  startup_stm32f10x_hd.o(HEAP)
    __heap_limit                             0x20007670   Data           0  startup_stm32f10x_hd.o(HEAP)
    Image$$RW_IRAM1$$ZI$$Limit               0x20007a70   Number         0  anon$$obj.o ABSOLUTE
    __initial_sp                             0x20007a70   Data           0  startup_stm32f10x_hd.o(STACK)



==============================================================================

Memory Map of the image

  Image Entry point : 0x08000131

  Load Region LR_IROM1 (Base: 0x08000000, Size: 0x0000eb5c, Max: 0x00040000, ABSOLUTE, COMPRESSED[0x0000e4f8])

    Execution Region ER_IROM1 (Base: 0x08000000, Size: 0x0000e414, Max: 0x00040000, ABSOLUTE)

    Base Addr    Size         Type   Attr      Idx    E Section Name        Object

    0x08000000   0x00000130   Data   RO            3    RESET               startup_stm32f10x_hd.o
    0x08000130   0x00000000   Code   RO         2468  * .ARM.Collect$$$$00000000  mc_w.l(entry.o)
    0x08000130   0x00000004   Code   RO         2858    .ARM.Collect$$$$00000001  mc_w.l(entry2.o)
    0x08000134   0x00000004   Code   RO         2861    .ARM.Collect$$$$00000004  mc_w.l(entry5.o)
    0x08000138   0x00000000   Code   RO         2863    .ARM.Collect$$$$00000008  mc_w.l(entry7b.o)
    0x08000138   0x00000000   Code   RO         2865    .ARM.Collect$$$$0000000A  mc_w.l(entry8b.o)
    0x08000138   0x00000008   Code   RO         2866    .ARM.Collect$$$$0000000B  mc_w.l(entry9a.o)
    0x08000140   0x00000000   Code   RO         2868    .ARM.Collect$$$$0000000D  mc_w.l(entry10a.o)
    0x08000140   0x00000000   Code   RO         2870    .ARM.Collect$$$$0000000F  mc_w.l(entry11a.o)
    0x08000140   0x00000004   Code   RO         2859    .ARM.Collect$$$$00002712  mc_w.l(entry2.o)
    0x08000144   0x00000024   Code   RO            4    .text               startup_stm32f10x_hd.o
    0x08000168   0x00000174   Code   RO           27    .text               system_stm32f10x.o
    0x080002dc   0x000000b8   Code   RO          142    .text               misc.o
    0x08000394   0x0000009c   Code   RO          194    .text               stm32f10x_bkp.o
    0x08000430   0x000001e8   Code   RO          338    .text               stm32f10x_dma.o
    0x08000618   0x000000ec   Code   RO          362    .text               stm32f10x_exti.o
    0x08000704   0x000004a4   Code   RO          386    .text               stm32f10x_flash.o
    0x08000ba8   0x00000298   Code   RO          434    .text               stm32f10x_gpio.o
    0x08000e40   0x0000003c   Code   RO          482    .text               stm32f10x_iwdg.o
    0x08000e7c   0x000000ac   Code   RO          506    .text               stm32f10x_pwr.o
    0x08000f28   0x000002f4   Code   RO          530    .text               stm32f10x_rcc.o
    0x0800121c   0x00000114   Code   RO          556    .text               stm32f10x_rtc.o
    0x08001330   0x0000039c   Code   RO          652    .text               stm32f10x_usart.o
    0x080016cc   0x00000f08   Code   RO          700    .text               main.o
    0x080025d4   0x000000b8   Code   RO          918    .text               stm32f10x_it.o
    0x0800268c   0x00000064   Code   RO          948    .text               bsp_led.o
    0x080026f0   0x000003b0   Code   RO          999    .text               bsp_usart.o
    0x08002aa0   0x000011f8   Code   RO         1074    .text               wifi.o
    0x08003c98   0x00000730   Code   RO         1104    .text               bsp_usart2.o
    0x080043c8   0x00000154   Code   RO         1206    .text               malloc.o
    0x0800451c   0x00000190   Code   RO         1271    .text               bsp_date.o
    0x080046ac   0x000007ba   Code   RO         1298    .text               bsp_rtc.o
    0x08004e66   0x00000002   PAD
    0x08004e68   0x00000188   Code   RO         1334    .text               stmflash.o
    0x08004ff0   0x0000002a   Code   RO         1364    .text               bsp_iwdg.o
    0x0800501a   0x00000002   PAD
    0x0800501c   0x0000039c   Code   RO         1388    .text               socket.o
    0x080053b8   0x00000744   Code   RO         1428    .text               ch9329.o
    0x08005afc   0x0000022c   Code   RO         1525    .text               usart3.o
    0x08005d28   0x0000081c   Code   RO         1556    .text               des_c.o
    0x08006544   0x000002c4   Code   RO         1615    .text               bsp_ds18b20.o
    0x08006808   0x000000bc   Code   RO         1726    .text               los_priqueue.o
    0x080068c4   0x000004b4   Code   RO         1773    .text               los_swtmr.o
    0x08006d78   0x000000e8   Code   RO         1809    .text               los_sys.o
    0x08006e60   0x00000f8c   Code   RO         1836    .text               los_task.o
    0x08007dec   0x00000028   Code   RO         1885    .text               los_tick.o
    0x08007e14   0x00000704   Code   RO         2013    .text               los_queue.o
    0x08008518   0x00000374   Code   RO         2043    .text               los_sem.o
    0x0800888c   0x00000308   Code   RO         2076    .text               los_heap.o
    0x08008b94   0x0000003c   Code   RO         2130    .text               los_misc.o
    0x08008bd0   0x0000002c   Code   RO         2154    .text               los_err.o
    0x08008bfc   0x00000144   Code   RO         2187    .text               los_init.o
    0x08008d40   0x000000e4   Code   RO         2218    .text               los_membox.o
    0x08008e24   0x00000278   Code   RO         2242    .text               los_memory.o
    0x0800909c   0x000000d0   Code   RO         2349    .text               los_dispatch_keil.o
    0x0800916c   0x000000d4   Code   RO         2355    .text               los_hw.o
    0x08009240   0x00000134   Code   RO         2379    .text               los_hw_tick.o
    0x08009374   0x0000000e   Code   RO         2403    .text               los_hwi.o
    0x08009382   0x00000002   PAD
    0x08009384   0x00001208   Code   RO         2430    .text               cjson.o
    0x0800a58c   0x00000062   Code   RO         2471    .text               mc_w.l(uldiv.o)
    0x0800a5ee   0x0000000c   Code   RO         2473    .text               mc_w.l(tolower.o)
    0x0800a5fa   0x00000002   PAD
    0x0800a5fc   0x00000024   Code   RO         2475    .text               mc_w.l(rand.o)
    0x0800a620   0x00000024   Code   RO         2478    .text               mc_w.l(memcpya.o)
    0x0800a644   0x00000024   Code   RO         2480    .text               mc_w.l(memseta.o)
    0x0800a668   0x00000024   Code   RO         2484    .text               mc_w.l(strstr.o)
    0x0800a68c   0x00000018   Code   RO         2486    .text               mc_w.l(strncpy.o)
    0x0800a6a4   0x00000014   Code   RO         2488    .text               mc_w.l(strchr.o)
    0x0800a6b8   0x0000000e   Code   RO         2490    .text               mc_w.l(strlen.o)
    0x0800a6c6   0x0000001c   Code   RO         2492    .text               mc_w.l(strcmp.o)
    0x0800a6e2   0x00000012   Code   RO         2494    .text               mc_w.l(strcpy.o)
    0x0800a6f4   0x0000001e   Code   RO         2496    .text               mc_w.l(strncmp.o)
    0x0800a712   0x00000002   PAD
    0x0800a714   0x00000020   Code   RO         2789    .text               mc_w.l(__0scanf.o)
    0x0800a734   0x00000038   Code   RO         2791    .text               mc_w.l(__0sscanf.o)
    0x0800a76c   0x0000014c   Code   RO         2793    .text               mc_w.l(_scanf_int.o)
    0x0800a8b8   0x000000e0   Code   RO         2795    .text               mc_w.l(_scanf_str.o)
    0x0800a998   0x000000b0   Code   RO         2797    .text               mf_w.l(fadd.o)
    0x0800aa48   0x00000064   Code   RO         2799    .text               mf_w.l(fmul.o)
    0x0800aaac   0x0000014e   Code   RO         2801    .text               mf_w.l(dadd.o)
    0x0800abfa   0x000000e4   Code   RO         2803    .text               mf_w.l(dmul.o)
    0x0800acde   0x000000de   Code   RO         2805    .text               mf_w.l(ddiv.o)
    0x0800adbc   0x0000002e   Code   RO         2807    .text               mf_w.l(dscalb.o)
    0x0800adea   0x00000022   Code   RO         2809    .text               mf_w.l(dflti.o)
    0x0800ae0c   0x0000001a   Code   RO         2811    .text               mf_w.l(dfltui.o)
    0x0800ae26   0x00000018   Code   RO         2813    .text               mf_w.l(dfltul.o)
    0x0800ae3e   0x00000032   Code   RO         2815    .text               mf_w.l(ffixi.o)
    0x0800ae70   0x00000028   Code   RO         2817    .text               mf_w.l(ffixui.o)
    0x0800ae98   0x0000003e   Code   RO         2819    .text               mf_w.l(dfixi.o)
    0x0800aed6   0x00000030   Code   RO         2821    .text               mf_w.l(dfixul.o)
    0x0800af06   0x00000026   Code   RO         2823    .text               mf_w.l(f2d.o)
    0x0800af2c   0x00000030   Code   RO         2825    .text               mf_w.l(cdcmple.o)
    0x0800af5c   0x00000030   Code   RO         2827    .text               mf_w.l(cdrcmple.o)
    0x0800af8c   0x00000038   Code   RO         2829    .text               mf_w.l(d2f.o)
    0x0800afc4   0x0000002c   Code   RO         2874    .text               mc_w.l(uidiv.o)
    0x0800aff0   0x0000001e   Code   RO         2876    .text               mc_w.l(llshl.o)
    0x0800b00e   0x00000020   Code   RO         2878    .text               mc_w.l(llushr.o)
    0x0800b02e   0x00000024   Code   RO         2880    .text               mc_w.l(llsshr.o)
    0x0800b052   0x0000001c   Code   RO         2891    .text               mc_w.l(_chval.o)
    0x0800b06e   0x00000002   PAD
    0x0800b070   0x00000028   Code   RO         2893    .text               mc_w.l(scanf_char.o)
    0x0800b098   0x00000040   Code   RO         2895    .text               mc_w.l(_sgetc.o)
    0x0800b0d8   0x00000014   Code   RO         2897    .text               mc_w.l(scanf_char_file.o)
    0x0800b0ec   0x00000000   Code   RO         2899    .text               mc_w.l(iusefp.o)
    0x0800b0ec   0x0000006e   Code   RO         2900    .text               mf_w.l(fepilogue.o)
    0x0800b15a   0x000000ba   Code   RO         2902    .text               mf_w.l(depilogue.o)
    0x0800b214   0x00000024   Code   RO         2904    .text               mc_w.l(init.o)
    0x0800b238   0x0000002c   Code   RO         2906    .text               mc_w.l(fgetc_b.o)
    0x0800b264   0x0000000a   Code   RO         2909    .text               mc_w.l(isspace_c.o)
    0x0800b26e   0x00000002   PAD
    0x0800b270   0x0000032c   Code   RO         2911    .text               mc_w.l(_scanf.o)
    0x0800b59c   0x000000a2   Code   RO         2913    .text               mf_w.l(dsqrt.o)
    0x0800b63e   0x00000000   Code   RO         2915    .text               mc_w.l(semi.o)
    0x0800b63e   0x00000002   PAD
    0x0800b640   0x00000028   Code   RO         2916    .text               mc_w.l(ctype_c.o)
    0x0800b668   0x00000000   Code   RO         2919    .text               mc_w.l(iusesemig.o)
    0x0800b668   0x00000056   Code   RO         2928    .text               mc_w.l(__dczerorl2.o)
    0x0800b6be   0x00000002   PAD
    0x0800b6c0   0x00000020   Code   RO         2733    i.__0printf         mc_w.l(printfa.o)
    0x0800b6e0   0x00000028   Code   RO         2735    i.__0sprintf        mc_w.l(printfa.o)
    0x0800b708   0x00000024   Code   RO         2739    i.__0vsprintf       mc_w.l(printfa.o)
    0x0800b72c   0x00000028   Code   RO         2845    i.__ARM_fpclassify  m_ws.l(fpclassify.o)
    0x0800b754   0x000000aa   Code   RO         2847    i.__kernel_poly     m_ws.l(poly.o)
    0x0800b7fe   0x00000002   PAD
    0x0800b800   0x00000010   Code   RO         2831    i.__mathlib_dbl_divzero  m_ws.l(dunder.o)
    0x0800b810   0x00000004   Code   RO         2833    i.__mathlib_dbl_infnan2  m_ws.l(dunder.o)
    0x0800b814   0x0000000c   Code   RO         2834    i.__mathlib_dbl_invalid  m_ws.l(dunder.o)
    0x0800b820   0x0000000e   Code   RO         2835    i.__mathlib_dbl_overflow  m_ws.l(dunder.o)
    0x0800b82e   0x00000002   PAD
    0x0800b830   0x00000010   Code   RO         2837    i.__mathlib_dbl_underflow  m_ws.l(dunder.o)
    0x0800b840   0x0000000e   Code   RO         2922    i.__scatterload_copy  mc_w.l(handlers.o)
    0x0800b84e   0x00000002   Code   RO         2923    i.__scatterload_null  mc_w.l(handlers.o)
    0x0800b850   0x0000000e   Code   RO         2924    i.__scatterload_zeroinit  mc_w.l(handlers.o)
    0x0800b85e   0x00000002   PAD
    0x0800b860   0x0000000c   Code   RO         2886    i.__set_errno       mc_w.l(errno.o)
    0x0800b86c   0x00000164   Code   RO         2740    i._fp_digits        mc_w.l(printfa.o)
    0x0800b9d0   0x000006dc   Code   RO         2741    i._printf_core      mc_w.l(printfa.o)
    0x0800c0ac   0x00000024   Code   RO         2742    i._printf_post_padding  mc_w.l(printfa.o)
    0x0800c0d0   0x0000002e   Code   RO         2743    i._printf_pre_padding  mc_w.l(printfa.o)
    0x0800c0fe   0x0000000a   Code   RO         2745    i._sputc            mc_w.l(printfa.o)
    0x0800c108   0x000000dc   Code   RO         2455    i.floor             m_ws.l(floor.o)
    0x0800c1e4   0x00000050   Code   RO         2761    i.free              mc_w.l(malloc.o)
    0x0800c234   0x0000006c   Code   RO         2762    i.malloc            mc_w.l(malloc.o)
    0x0800c2a0   0x000009b8   Code   RO         2459    i.pow               m_ws.l(pow.o)
    0x0800cc58   0x0000004c   Code   RO         2851    i.sqrt              m_ws.l(sqrt.o)
    0x0800cca4   0x00000030   Data   RO         1272    .constdata          bsp_date.o
    0x0800ccd4   0x000005be   Data   RO         1429    .constdata          ch9329.o
    0x0800d292   0x00000002   PAD
    0x0800d294   0x00000d31   Data   RO         1558    .constdata          des_c.o
    0x0800dfc5   0x00000007   Data   RO         2431    .constdata          cjson.o
    0x0800dfcc   0x00000004   PAD
    0x0800dfd0   0x00000088   Data   RO         2460    .constdata          m_ws.l(pow.o)
    0x0800e058   0x00000008   Data   RO         2849    .constdata          m_ws.l(qnan.o)
    0x0800e060   0x00000040   Data   RO         2917    .constdata          mc_w.l(ctype_c.o)
    0x0800e0a0   0x00000068   Data   RO         1075    .conststring        wifi.o
    0x0800e108   0x0000019a   Data   RO         1303    .conststring        bsp_rtc.o
    0x0800e2a2   0x00000002   PAD
    0x0800e2a4   0x00000150   Data   RO         1838    .conststring        los_task.o
    0x0800e3f4   0x00000020   Data   RO         2920    Region$$Table       anon$$obj.o


    Execution Region RW_IRAM1 (Base: 0x20000000, Size: 0x00007a70, Max: 0x0000c000, ABSOLUTE, COMPRESSED[0x000000e4])

    Base Addr    Size         Type   Attr      Idx    E Section Name        Object

    0x20000000   0x00000014   Data   RW           28    .data               system_stm32f10x.o
    0x20000014   0x00000014   Data   RW          531    .data               stm32f10x_rcc.o
    0x20000028   0x00000088   Data   RW          706    .data               main.o
    0x200000b0   0x00000008   Data   RW          919    .data               stm32f10x_it.o
    0x200000b8   0x00000002   Data   RW         1002    .data               bsp_usart.o
    0x200000ba   0x00000001   Data   RW         1077    .data               wifi.o
    0x200000bb   0x00000001   PAD
    0x200000bc   0x00000008   Data   RW         1107    .data               bsp_usart2.o
    0x200000c4   0x00000014   Data   RW         1212    .data               malloc.o
    0x200000d8   0x00000030   Data   RW         1273    .data               bsp_date.o
    0x20000108   0x00000004   Data   RW         1304    .data               bsp_rtc.o
    0x2000010c   0x00000001   Data   RW         1390    .data               socket.o
    0x2000010d   0x00000003   PAD
    0x20000110   0x00000028   Data   RW         1394    .data               socket.o
    0x20000138   0x00000511   Data   RW         1430    .data               ch9329.o
    0x20000649   0x0000000e   Data   RW         1432    .data               ch9329.o
    0x20000657   0x0000000e   Data   RW         1433    .data               ch9329.o
    0x20000665   0x00000001   PAD
    0x20000666   0x00000002   Data   RW         1527    .data               usart3.o
    0x20000668   0x00000010   Data   RW         1559    .data               des_c.o
    0x20000678   0x00000004   Data   RW         1727    .data               los_priqueue.o
    0x2000067c   0x00000010   Data   RW         1774    .data               los_swtmr.o
    0x2000068c   0x00000048   Data   RW         1839    .data               los_task.o
    0x200006d4   0x00000004   PAD
    0x200006d8   0x00000010   Data   RW         1886    .data               los_tick.o
    0x200006e8   0x00000004   Data   RW         1889    .data               los_tick.o
    0x200006ec   0x0000000c   Data   RW         2014    .data               los_queue.o
    0x200006f8   0x0000000c   Data   RW         2044    .data               los_sem.o
    0x20000704   0x00000010   Data   RW         2077    .data               los_heap.o
    0x20000714   0x00000004   Data   RW         2155    .data               los_err.o
    0x20000718   0x00000004   Data   RW         2188    .data               los_init.o
    0x2000071c   0x00000004   Data   RW         2243    .data               los_memory.o
    0x20000720   0x0000000c   Data   RW         2432    .data               cjson.o
    0x2000072c   0x00000004   Data   RW         2476    .data               mc_w.l(rand.o)
    0x20000730   0x00000004   Data   RW         2872    .data               mc_w.l(stdin.o)
    0x20000734   0x00000004   Data   RW         2873    .data               mc_w.l(stdout.o)
    0x20000738   0x00000004   Data   RW         2882    .data               mc_w.l(mvars.o)
    0x2000073c   0x00000004   Data   RW         2883    .data               mc_w.l(mvars.o)
    0x20000740   0x00000004   Data   RW         2887    .data               mc_w.l(errno.o)
    0x20000744   0x00000003   Data   RW         2907    .data               mc_w.l(fgetc_b.o)
    0x20000747   0x00000001   PAD
    0x20000748   0x00000b95   Zero   RW          701    .bss                main.o
    0x200012dd   0x00000003   PAD
    0x200012e0   0x000002f6   Zero   RW         1000    .bss                bsp_usart.o
    0x200015d6   0x00000002   PAD
    0x200015d8   0x0000076c   Zero   RW         1105    .bss                bsp_usart2.o
    0x20001d44   0x00000800   Zero   RW         1207    .bss                malloc.o
    0x20002544   0x00000080   Zero   RW         1208    .bss                malloc.o
    0x200025c4   0x00000800   Zero   RW         1335    .bss                stmflash.o
    0x20002dc4   0x00004074   Zero   RW         1389    .bss                socket.o
    0x20006e38   0x0000003c   Zero   RW         1526    .bss                usart3.o
    0x20006e74   0x000004a0   Zero   RW         1557    .bss                des_c.o
    0x20007314   0x00000156   Zero   RW         1837    .bss                los_task.o
    0x2000746a   0x00000006   PAD
    0x20007470   0x00000200   Zero   RW            2    HEAP                startup_stm32f10x_hd.o
    0x20007670   0x00000400   Zero   RW            1    STACK               startup_stm32f10x_hd.o


==============================================================================

Image component sizes


      Code (inc. data)   RO Data    RW Data    ZI Data      Debug   Object Name

       400         16         48         48          0       2201   bsp_date.o
       708          4          0          0          0       4228   bsp_ds18b20.o
        42          0          0          0          0        692   bsp_iwdg.o
       100          4          0          0          0        718   bsp_led.o
      1978        566        410          4          0       6641   bsp_rtc.o
         0          0          0          0          0      22211   bsp_systick.o
       944         58          0          2        758      32286   bsp_usart.o
      1840        246          0          8       1900       6627   bsp_usart2.o
      1860         66       1470       1325          0      12865   ch9329.o
      4616        152          7         12          0      21316   cjson.o
         0          0          0          0          0       2614   cmsis_liteos.o
         0          0          0          0          0       4504   core_cm3.o
      2076        154       3377         16       1184       7102   des_c.o
       208         26          0          0          0        436   los_dispatch_keil.o
        44         10          0          4          0       2582   los_err.o
       776         82          0         16          0       4937   los_heap.o
       212         14          0          0          0       1861   los_hw.o
       308         20          0          0          0       2514   los_hw_tick.o
        14          0          0          0          0       2321   los_hwi.o
       324        132          0          4          0       2105   los_init.o
       228         42          0          0          0       2558   los_membox.o
       632         68          0          4          0       5959   los_memory.o
        60          0          0          0          0        967   los_misc.o
       188         10          0          4          0      11698   los_priqueue.o
      1796         80          0         12          0      12005   los_queue.o
       884        124          0         12          0       5752   los_sem.o
      1204         36          0         16          0       8410   los_swtmr.o
       232         20          0          0          0       2429   los_sys.o
      3980        396        336         72        342      24048   los_task.o
        40          4          0         20          0       1236   los_tick.o
      3848       1168          0        136       2965      27310   main.o
       340          6          0         20       2176       4177   malloc.o
       184         12          0          0          0       2065   misc.o
       924         96          0         41      16500       5721   socket.o
        36          8        304          0       1536        904   startup_stm32f10x_hd.o
       156          8          0          0          0       3568   stm32f10x_bkp.o
       488         10          0          0          0       4906   stm32f10x_dma.o
       236         10          0          0          0       2527   stm32f10x_exti.o
      1188         22          0          0          0       9050   stm32f10x_flash.o
       664         36          0          0          0       6329   stm32f10x_gpio.o
       184         12          0          8          0       1385   stm32f10x_it.o
        60          6          0          0          0       1357   stm32f10x_iwdg.o
       172         12          0          0          0       2003   stm32f10x_pwr.o
       756         32          0         20          0       9512   stm32f10x_rcc.o
       276          6          0          0          0       2818   stm32f10x_rtc.o
       924         20          0          0          0       9280   stm32f10x_usart.o
       392         16          0          0       2048       3485   stmflash.o
       372         34          0         20          0     248931   system_stm32f10x.o
       556         22          0          2         60       2552   usart3.o
      4600       1342        104          1          0      11074   wifi.o

    ----------------------------------------------------------------------
     42056       5208       6096       1836      29480     574777   Object Totals
         0          0         32          0          0          0   (incl. Generated)
         6          0          8          9         11          0   (incl. Padding)

    ----------------------------------------------------------------------

      Code (inc. data)   RO Data    RW Data    ZI Data      Debug   Library Member Name

        62         10          0          0          0        340   dunder.o
       220         16          0          0          0         84   floor.o
        40          0          0          0          0         68   fpclassify.o
       170          0          0          0          0         96   poly.o
      2488        190        136          0          0        300   pow.o
         0          0          8          0          0          0   qnan.o
        76          0          0          0          0         84   sqrt.o
        32          6          0          0          0         84   __0scanf.o
        56          8          0          0          0         84   __0sscanf.o
        86          0          0          0          0          0   __dczerorl2.o
        28          0          0          0          0         68   _chval.o
       812          4          0          0          0        112   _scanf.o
       332          0          0          0          0         96   _scanf_int.o
       224          0          0          0          0         96   _scanf_str.o
        64          0          0          0          0         84   _sgetc.o
        40          6         64          0          0         68   ctype_c.o
         0          0          0          0          0          0   entry.o
         0          0          0          0          0          0   entry10a.o
         0          0          0          0          0          0   entry11a.o
         8          4          0          0          0          0   entry2.o
         4          0          0          0          0          0   entry5.o
         0          0          0          0          0          0   entry7b.o
         0          0          0          0          0          0   entry8b.o
         8          4          0          0          0          0   entry9a.o
        12          6          0          4          0         68   errno.o
        44          6          0          3          0        144   fgetc_b.o
        30          0          0          0          0          0   handlers.o
        36          8          0          0          0         68   init.o
        10          0          0          0          0         68   isspace_c.o
         0          0          0          0          0          0   iusefp.o
         0          0          0          0          0          0   iusesemig.o
        30          0          0          0          0         68   llshl.o
        36          0          0          0          0         68   llsshr.o
        32          0          0          0          0         68   llushr.o
       188         20          0          0          0        160   malloc.o
        36          0          0          0          0         68   memcpya.o
        36          0          0          0          0        108   memseta.o
         0          0          0          8          0          0   mvars.o
      2312        102          0          0          0        676   printfa.o
        36         10          0          4          0        136   rand.o
        40          8          0          0          0         84   scanf_char.o
        20          8          0          0          0         68   scanf_char_file.o
         0          0          0          0          0          0   semi.o
         0          0          0          4          0          0   stdin.o
         0          0          0          4          0          0   stdout.o
        20          0          0          0          0         68   strchr.o
        28          0          0          0          0         76   strcmp.o
        18          0          0          0          0         68   strcpy.o
        14          0          0          0          0         68   strlen.o
        30          0          0          0          0         80   strncmp.o
        24          0          0          0          0         76   strncpy.o
        36          0          0          0          0         80   strstr.o
        12          0          0          0          0         68   tolower.o
        44          0          0          0          0         80   uidiv.o
        98          0          0          0          0         92   uldiv.o
        48          0          0          0          0         68   cdcmple.o
        48          0          0          0          0         68   cdrcmple.o
        56          0          0          0          0         88   d2f.o
       334          0          0          0          0        148   dadd.o
       222          0          0          0          0        100   ddiv.o
       186          0          0          0          0        176   depilogue.o
        62          0          0          0          0         80   dfixi.o
        48          0          0          0          0         68   dfixul.o
        34          0          0          0          0         76   dflti.o
        26          0          0          0          0         76   dfltui.o
        24          0          0          0          0         76   dfltul.o
       228          0          0          0          0         96   dmul.o
        46          0          0          0          0         80   dscalb.o
       162          0          0          0          0        100   dsqrt.o
        38          0          0          0          0         68   f2d.o
       176          0          0          0          0        140   fadd.o
       110          0          0          0          0        168   fepilogue.o
        50          0          0          0          0         68   ffixi.o
        40          0          0          0          0         68   ffixui.o
       100          0          0          0          0         76   fmul.o

    ----------------------------------------------------------------------
     10028        416        208         28          0       6160   Library Totals
        18          0          0          1          0          0   (incl. Padding)

    ----------------------------------------------------------------------

      Code (inc. data)   RO Data    RW Data    ZI Data      Debug   Library Name

      3056        216        144          0          0        972   m_ws.l
      4916        200         64         27          0       3300   mc_w.l
      2038          0          0          0          0       1888   mf_w.l

    ----------------------------------------------------------------------
     10028        416        208         28          0       6160   Library Totals

    ----------------------------------------------------------------------

==============================================================================


      Code (inc. data)   RO Data    RW Data    ZI Data      Debug   

     52084       5624       6304       1864      29480     573005   Grand Totals
     52084       5624       6304        228      29480     573005   ELF Image Totals (compressed)
     52084       5624       6304        228          0          0   ROM Totals

==============================================================================

    Total RO  Size (Code + RO Data)                58388 (  57.02kB)
    Total RW  Size (RW Data + ZI Data)             31344 (  30.61kB)
    Total ROM Size (Code + RO Data + RW Data)      58616 (  57.24kB)

==============================================================================

